3000.npz) 답:2169/pred:619
